// Jest Snapshot v1, https://goo.gl/fbAQLP

exports[`codegen interpolation 1`] = `
"return const { toDisplayString: _toDisplayString } = "vue"
return function render(_ctx,_cache) {return _toDisplayString(_ctx.message)}"
`;

exports[`codegen string 1`] = `"returnreturn function render(_ctx,_cache) {return 'hi'}"`;
