// Jest Snapshot v1, https://goo.gl/fbAQLP

exports[`codegen element 1`] = `
"return const { toDisplayString: _toDisplayString,createElementBlock: _createElementBlock } = "vue"
return function render(_ctx,_cache) {return _createElementBlock( 'div', null, 'hi,'+ _toDisplayString(_ctx.message))}"
`;
